../Core/Src/main.c:136:6:init_fir_filters	24	static
../Core/Src/main.c:145:6:calibrate_bias	72	static
../Core/Src/main.c:175:6:remove_bias	32	static
../Core/Src/main.c:187:6:compute_acc_magnitude	8	static
../Core/Src/main.c:204:5:main	16	static
../Core/Src/main.c:308:6:SystemClock_Config	96	static
../Core/Src/main.c:369:13:MX_DFSDM1_Init	8	static
../Core/Src/main.c:407:13:MX_I2C2_Init	8	static
../Core/Src/main.c:455:13:MX_QUADSPI_Init	8	static
../Core/Src/main.c:488:13:MX_TIM2_Init	40	static
../Core/Src/main.c:533:13:MX_USART3_UART_Init	8	static
../Core/Src/main.c:568:13:MX_USB_OTG_FS_PCD_Init	8	static
../Core/Src/main.c:603:13:MX_GPIO_Init	48	static
../Core/Src/main.c:792:6:HAL_GPIO_EXTI_Callback	16	static
../Core/Src/main.c:801:6:HAL_TIM_PeriodElapsedCallback	16	static
../Core/Src/main.c:817:6:StartDefaultTask	112	static
../Core/Src/main.c:1039:6:Error_Handler	4	static,ignoring_inline_asm
