../Drivers/BSP/B-L475E-IOT01A1/b_l475e_iot01a1.c:115:9:BSP_GetVersion	4	static
../Drivers/BSP/B-L475E-IOT01A1/b_l475e_iot01a1.c:127:9:BSP_LED_Init	16	static
../Drivers/BSP/B-L475E-IOT01A1/b_l475e_iot01a1.c:142:9:BSP_LED_DeInit	40	static
../Drivers/BSP/B-L475E-IOT01A1/b_l475e_iot01a1.c:165:9:BSP_LED_On	16	static
../Drivers/BSP/B-L475E-IOT01A1/b_l475e_iot01a1.c:182:9:BSP_LED_Off	16	static
../Drivers/BSP/B-L475E-IOT01A1/b_l475e_iot01a1.c:199:9:BSP_LED_Toggle	16	static
../Drivers/BSP/B-L475E-IOT01A1/b_l475e_iot01a1.c:216:9:BSP_LED_GetState	16	static
../Drivers/BSP/B-L475E-IOT01A1/b_l475e_iot01a1.c:224:13:LED_USER_GPIO_Init	40	static
../Drivers/BSP/B-L475E-IOT01A1/b_l475e_iot01a1.c:258:9:BSP_PB_Init	24	static
../Drivers/BSP/B-L475E-IOT01A1/b_l475e_iot01a1.c:298:9:BSP_PB_DeInit	40	static
../Drivers/BSP/B-L475E-IOT01A1/b_l475e_iot01a1.c:316:9:BSP_PB_GetState	16	static
../Drivers/BSP/B-L475E-IOT01A1/b_l475e_iot01a1.c:325:6:BSP_PB_IRQHandler	16	static
../Drivers/BSP/B-L475E-IOT01A1/b_l475e_iot01a1.c:335:13:BSP_PB_Callback	16	static
../Drivers/BSP/B-L475E-IOT01A1/b_l475e_iot01a1.c:348:13:BUTTON_USER_EXTI_Callback	8	static
../Drivers/BSP/B-L475E-IOT01A1/b_l475e_iot01a1.c:357:13:BUTTON_USER_GPIO_Init	40	static
../Drivers/BSP/B-L475E-IOT01A1/b_l475e_iot01a1.c:384:9:BSP_COM_Init	24	static
../Drivers/BSP/B-L475E-IOT01A1/b_l475e_iot01a1.c:422:9:BSP_COM_DeInit	24	static
../Drivers/BSP/B-L475E-IOT01A1/b_l475e_iot01a1.c:459:26:MX_USART1_UART_Init	24	static
../Drivers/BSP/B-L475E-IOT01A1/b_l475e_iot01a1.c:563:9:BSP_COM_SelectLogPort	16	static
../Drivers/BSP/B-L475E-IOT01A1/b_l475e_iot01a1.c:610:5:__io_putchar	16	static
../Drivers/BSP/B-L475E-IOT01A1/b_l475e_iot01a1.c:624:13:USART1_MspInit	184	static
../Drivers/BSP/B-L475E-IOT01A1/b_l475e_iot01a1.c:665:13:USART1_MspDeInit	16	static
../Drivers/BSP/B-L475E-IOT01A1/b_l475e_iot01a1.c:690:13:I2Cx_MspInit	48	static
../Drivers/BSP/B-L475E-IOT01A1/b_l475e_iot01a1.c:732:13:I2Cx_MspDeInit	40	static
../Drivers/BSP/B-L475E-IOT01A1/b_l475e_iot01a1.c:751:13:I2Cx_Init	16	static
../Drivers/BSP/B-L475E-IOT01A1/b_l475e_iot01a1.c:776:13:I2Cx_DeInit	16	static
../Drivers/BSP/B-L475E-IOT01A1/b_l475e_iot01a1.c:792:26:I2Cx_ReadMultiple	48	static
../Drivers/BSP/B-L475E-IOT01A1/b_l475e_iot01a1.c:818:26:I2Cx_WriteMultiple	48	static
../Drivers/BSP/B-L475E-IOT01A1/b_l475e_iot01a1.c:841:26:I2Cx_IsDeviceReady	24	static
../Drivers/BSP/B-L475E-IOT01A1/b_l475e_iot01a1.c:852:13:I2Cx_Error	16	static
../Drivers/BSP/B-L475E-IOT01A1/b_l475e_iot01a1.c:866:6:SENSOR_IO_Init	8	static
../Drivers/BSP/B-L475E-IOT01A1/b_l475e_iot01a1.c:875:6:SENSOR_IO_DeInit	8	static
../Drivers/BSP/B-L475E-IOT01A1/b_l475e_iot01a1.c:887:6:SENSOR_IO_Write	24	static
../Drivers/BSP/B-L475E-IOT01A1/b_l475e_iot01a1.c:898:9:SENSOR_IO_Read	32	static
../Drivers/BSP/B-L475E-IOT01A1/b_l475e_iot01a1.c:916:10:SENSOR_IO_ReadMultiple	24	static
../Drivers/BSP/B-L475E-IOT01A1/b_l475e_iot01a1.c:930:6:SENSOR_IO_WriteMultiple	24	static
../Drivers/BSP/B-L475E-IOT01A1/b_l475e_iot01a1.c:942:19:SENSOR_IO_IsDeviceReady	16	static
../Drivers/BSP/B-L475E-IOT01A1/b_l475e_iot01a1.c:952:6:SENSOR_IO_Delay	16	static
