C:\ST\STM32CubeIDE_1.18.1\STM32CubeIDE\plugins\com.st.stm32cube.ide.mcu.externaltools.gnu-tools-for-stm32.13.3.rel1.win32_1.0.0.202411081344\tools\arm-none-eabi\include\c++\13.3.1\arm-none-eabi\thumb\v7e-m+fp\hard\bits\gthr-default.h:229:1:int __gthread_key_delete(__gthread_key_t)	16	static
../Middlewares/Third_Party/EdgeImpulse_ESLab_FinalProj_MachineLearning/edgeimpulse/tflite-model/tflite_learn_841291_20_compiled.cpp:355:13:void {anonymous}::init_tflite_tensor(size_t, TfLiteTensor*)	24	static
../Middlewares/Third_Party/EdgeImpulse_ESLab_FinalProj_MachineLearning/edgeimpulse/tflite-model/tflite_learn_841291_20_compiled.cpp:388:13:void {anonymous}::init_tflite_eval_tensor(int, TfLiteEvalTensor*)	24	static
../Middlewares/Third_Party/EdgeImpulse_ESLab_FinalProj_MachineLearning/edgeimpulse/tflite-model/tflite_learn_841291_20_compiled.cpp:411:15:void* {anonymous}::AllocatePersistentBufferImpl(TfLiteContext*, size_t)	24	static
../Middlewares/Third_Party/EdgeImpulse_ESLab_FinalProj_MachineLearning/edgeimpulse/tflite-model/tflite_learn_841291_20_compiled.cpp:454:21:TfLiteStatus {anonymous}::RequestScratchBufferInArenaImpl(TfLiteContext*, size_t, int*)	32	static
../Middlewares/Third_Party/EdgeImpulse_ESLab_FinalProj_MachineLearning/edgeimpulse/tflite-model/tflite_learn_841291_20_compiled.cpp:480:14:void* {anonymous}::GetScratchBufferImpl(TfLiteContext*, int)	16	static
../Middlewares/Third_Party/EdgeImpulse_ESLab_FinalProj_MachineLearning/edgeimpulse/tflite-model/tflite_learn_841291_20_compiled.cpp:489:13:void {anonymous}::ResetTensors()	16	static
../Middlewares/Third_Party/EdgeImpulse_ESLab_FinalProj_MachineLearning/edgeimpulse/tflite-model/tflite_learn_841291_20_compiled.cpp:498:22:TfLiteTensor* {anonymous}::GetTensorImpl(const TfLiteContext*, int)	24	static
../Middlewares/Third_Party/EdgeImpulse_ESLab_FinalProj_MachineLearning/edgeimpulse/tflite-model/tflite_learn_841291_20_compiled.cpp:521:26:TfLiteEvalTensor* {anonymous}::GetEvalTensorImpl(const TfLiteContext*, int)	24	static
../Middlewares/Third_Party/EdgeImpulse_ESLab_FinalProj_MachineLearning/edgeimpulse/tflite-model/tflite_learn_841291_20_compiled.cpp:547:3:{anonymous}::EonMicroContext::EonMicroContext()	16	static
../Middlewares/Third_Party/EdgeImpulse_ESLab_FinalProj_MachineLearning/edgeimpulse/tflite-model/tflite_learn_841291_20_compiled.cpp:549:9:virtual void* {anonymous}::EonMicroContext::AllocatePersistentBuffer(size_t)	16	static
../Middlewares/Third_Party/EdgeImpulse_ESLab_FinalProj_MachineLearning/edgeimpulse/tflite-model/tflite_learn_841291_20_compiled.cpp:553:16:virtual TfLiteStatus {anonymous}::EonMicroContext::RequestScratchBufferInArena(size_t, int*)	24	static
../Middlewares/Third_Party/EdgeImpulse_ESLab_FinalProj_MachineLearning/edgeimpulse/tflite-model/tflite_learn_841291_20_compiled.cpp:558:9:virtual void* {anonymous}::EonMicroContext::GetScratchBuffer(int)	16	static
../Middlewares/Third_Party/EdgeImpulse_ESLab_FinalProj_MachineLearning/edgeimpulse/tflite-model/tflite_learn_841291_20_compiled.cpp:562:17:virtual TfLiteTensor* {anonymous}::EonMicroContext::AllocateTempTfLiteTensor(int)	16	static
../Middlewares/Third_Party/EdgeImpulse_ESLab_FinalProj_MachineLearning/edgeimpulse/tflite-model/tflite_learn_841291_20_compiled.cpp:566:8:virtual void {anonymous}::EonMicroContext::DeallocateTempTfLiteTensor(TfLiteTensor*)	16	static
../Middlewares/Third_Party/EdgeImpulse_ESLab_FinalProj_MachineLearning/edgeimpulse/tflite-model/tflite_learn_841291_20_compiled.cpp:574:21:virtual TfLiteEvalTensor* {anonymous}::EonMicroContext::GetEvalTensor(int)	16	static
../Middlewares/Third_Party/EdgeImpulse_ESLab_FinalProj_MachineLearning/edgeimpulse/tflite-model/tflite_learn_841291_20_compiled.cpp:544:7:{anonymous}::EonMicroContext::~EonMicroContext()	16	static
../Middlewares/Third_Party/EdgeImpulse_ESLab_FinalProj_MachineLearning/edgeimpulse/tflite-model/tflite_learn_841291_20_compiled.cpp:544:7:virtual {anonymous}::EonMicroContext::~EonMicroContext()	16	static
../Middlewares/Third_Party/EdgeImpulse_ESLab_FinalProj_MachineLearning/edgeimpulse/tflite-model/tflite_learn_841291_20_compiled.cpp:583:14:TfLiteStatus tflite_learn_841291_20_init(void* (*)(size_t, size_t))	184	static
../Middlewares/Third_Party/EdgeImpulse_ESLab_FinalProj_MachineLearning/edgeimpulse/tflite-model/tflite_learn_841291_20_compiled.cpp:658:14:TfLiteStatus tflite_learn_841291_20_input(int, TfLiteTensor*)	16	static
../Middlewares/Third_Party/EdgeImpulse_ESLab_FinalProj_MachineLearning/edgeimpulse/tflite-model/tflite_learn_841291_20_compiled.cpp:663:14:TfLiteStatus tflite_learn_841291_20_output(int, TfLiteTensor*)	16	static
../Middlewares/Third_Party/EdgeImpulse_ESLab_FinalProj_MachineLearning/edgeimpulse/tflite-model/tflite_learn_841291_20_compiled.cpp:668:14:TfLiteStatus tflite_learn_841291_20_invoke()	24	static
../Middlewares/Third_Party/EdgeImpulse_ESLab_FinalProj_MachineLearning/edgeimpulse/tflite-model/tflite_learn_841291_20_compiled.cpp:740:14:TfLiteStatus tflite_learn_841291_20_reset(void (*)(void*))	24	static
../Middlewares/Third_Party/EdgeImpulse_ESLab_FinalProj_MachineLearning/edgeimpulse/tflite-model/tflite_learn_841291_20_compiled.cpp:754:1:void __static_initialization_and_destruction_0()	4	static
../Middlewares/Third_Party/EdgeImpulse_ESLab_FinalProj_MachineLearning/edgeimpulse/tflite-model/tflite_learn_841291_20_compiled.cpp:754:1:cpp)	8	static
